10:21:51 **** Build of configuration Debug for project 15WDigitalFlybackSoftware ****
make -j8 all 
arm-none-eabi-gcc "../Drivers/STM32L0xx_HAL_Driver/Src/stm32l0xx_ll_adc.c" -mcpu=cortex-m0plus -std=gnu11 -g3 -DDEBUG -DSTM32L011xx -DUSE_FULL_LL_DRIVER -DHSE_VALUE=32000000 -DHSE_STARTUP_TIMEOUT=1 -DLSE_STARTUP_TIMEOUT=1 -DLSE_VALUE=32768 -DMSI_VALUE=2097000 -DHSI_VALUE=16000000 -DLSI_VALUE=37000 -DVDD_VALUE=3300 -DPREFETCH_ENABLE=0 -DINSTRUCTION_CACHE_ENABLE=0 -DDATA_CACHE_ENABLE=0 -c -I../Core/Inc -I../Drivers/STM32L0xx_HAL_Driver/Inc -I../Drivers/CMSIS/Device/ST/STM32L0xx/Include -I../Drivers/CMSIS/Include -Os -ffunction-sections -fdata-sections -Wall -fstack-usage -fcyclomatic-complexity -MMD -MP -MF"Drivers/STM32L0xx_HAL_Driver/Src/stm32l0xx_ll_adc.d" -MT"Drivers/STM32L0xx_HAL_Driver/Src/stm32l0xx_ll_adc.o" --specs=nano.specs -mfloat-abi=soft -mthumb -o "Drivers/STM32L0xx_HAL_Driver/Src/stm32l0xx_ll_adc.o"
arm-none-eabi-gcc "../Drivers/STM32L0xx_HAL_Driver/Src/stm32l0xx_ll_dma.c" -mcpu=cortex-m0plus -std=gnu11 -g3 -DDEBUG -DSTM32L011xx -DUSE_FULL_LL_DRIVER -DHSE_VALUE=32000000 -DHSE_STARTUP_TIMEOUT=1 -DLSE_STARTUP_TIMEOUT=1 -DLSE_VALUE=32768 -DMSI_VALUE=2097000 -DHSI_VALUE=16000000 -DLSI_VALUE=37000 -DVDD_VALUE=3300 -DPREFETCH_ENABLE=0 -DINSTRUCTION_CACHE_ENABLE=0 -DDATA_CACHE_ENABLE=0 -c -I../Core/Inc -I../Drivers/STM32L0xx_HAL_Driver/Inc -I../Drivers/CMSIS/Device/ST/STM32L0xx/Include -I../Drivers/CMSIS/Include -Os -ffunction-sections -fdata-sections -Wall -fstack-usage -fcyclomatic-complexity -MMD -MP -MF"Drivers/STM32L0xx_HAL_Driver/Src/stm32l0xx_ll_dma.d" -MT"Drivers/STM32L0xx_HAL_Driver/Src/stm32l0xx_ll_dma.o" --specs=nano.specs -mfloat-abi=soft -mthumb -o "Drivers/STM32L0xx_HAL_Driver/Src/stm32l0xx_ll_dma.o"
arm-none-eabi-gcc "../Drivers/STM32L0xx_HAL_Driver/Src/stm32l0xx_ll_exti.c" -mcpu=cortex-m0plus -std=gnu11 -g3 -DDEBUG -DSTM32L011xx -DUSE_FULL_LL_DRIVER -DHSE_VALUE=32000000 -DHSE_STARTUP_TIMEOUT=1 -DLSE_STARTUP_TIMEOUT=1 -DLSE_VALUE=32768 -DMSI_VALUE=2097000 -DHSI_VALUE=16000000 -DLSI_VALUE=37000 -DVDD_VALUE=3300 -DPREFETCH_ENABLE=0 -DINSTRUCTION_CACHE_ENABLE=0 -DDATA_CACHE_ENABLE=0 -c -I../Core/Inc -I../Drivers/STM32L0xx_HAL_Driver/Inc -I../Drivers/CMSIS/Device/ST/STM32L0xx/Include -I../Drivers/CMSIS/Include -Os -ffunction-sections -fdata-sections -Wall -fstack-usage -fcyclomatic-complexity -MMD -MP -MF"Drivers/STM32L0xx_HAL_Driver/Src/stm32l0xx_ll_exti.d" -MT"Drivers/STM32L0xx_HAL_Driver/Src/stm32l0xx_ll_exti.o" --specs=nano.specs -mfloat-abi=soft -mthumb -o "Drivers/STM32L0xx_HAL_Driver/Src/stm32l0xx_ll_exti.o"
arm-none-eabi-gcc "../Drivers/STM32L0xx_HAL_Driver/Src/stm32l0xx_ll_gpio.c" -mcpu=cortex-m0plus -std=gnu11 -g3 -DDEBUG -DSTM32L011xx -DUSE_FULL_LL_DRIVER -DHSE_VALUE=32000000 -DHSE_STARTUP_TIMEOUT=1 -DLSE_STARTUP_TIMEOUT=1 -DLSE_VALUE=32768 -DMSI_VALUE=2097000 -DHSI_VALUE=16000000 -DLSI_VALUE=37000 -DVDD_VALUE=3300 -DPREFETCH_ENABLE=0 -DINSTRUCTION_CACHE_ENABLE=0 -DDATA_CACHE_ENABLE=0 -c -I../Core/Inc -I../Drivers/STM32L0xx_HAL_Driver/Inc -I../Drivers/CMSIS/Device/ST/STM32L0xx/Include -I../Drivers/CMSIS/Include -Os -ffunction-sections -fdata-sections -Wall -fstack-usage -fcyclomatic-complexity -MMD -MP -MF"Drivers/STM32L0xx_HAL_Driver/Src/stm32l0xx_ll_gpio.d" -MT"Drivers/STM32L0xx_HAL_Driver/Src/stm32l0xx_ll_gpio.o" --specs=nano.specs -mfloat-abi=soft -mthumb -o "Drivers/STM32L0xx_HAL_Driver/Src/stm32l0xx_ll_gpio.o"
arm-none-eabi-gcc "../Drivers/STM32L0xx_HAL_Driver/Src/stm32l0xx_ll_pwr.c" -mcpu=cortex-m0plus -std=gnu11 -g3 -DDEBUG -DSTM32L011xx -DUSE_FULL_LL_DRIVER -DHSE_VALUE=32000000 -DHSE_STARTUP_TIMEOUT=1 -DLSE_STARTUP_TIMEOUT=1 -DLSE_VALUE=32768 -DMSI_VALUE=2097000 -DHSI_VALUE=16000000 -DLSI_VALUE=37000 -DVDD_VALUE=3300 -DPREFETCH_ENABLE=0 -DINSTRUCTION_CACHE_ENABLE=0 -DDATA_CACHE_ENABLE=0 -c -I../Core/Inc -I../Drivers/STM32L0xx_HAL_Driver/Inc -I../Drivers/CMSIS/Device/ST/STM32L0xx/Include -I../Drivers/CMSIS/Include -Os -ffunction-sections -fdata-sections -Wall -fstack-usage -fcyclomatic-complexity -MMD -MP -MF"Drivers/STM32L0xx_HAL_Driver/Src/stm32l0xx_ll_pwr.d" -MT"Drivers/STM32L0xx_HAL_Driver/Src/stm32l0xx_ll_pwr.o" --specs=nano.specs -mfloat-abi=soft -mthumb -o "Drivers/STM32L0xx_HAL_Driver/Src/stm32l0xx_ll_pwr.o"
arm-none-eabi-gcc "../Drivers/STM32L0xx_HAL_Driver/Src/stm32l0xx_ll_rcc.c" -mcpu=cortex-m0plus -std=gnu11 -g3 -DDEBUG -DSTM32L011xx -DUSE_FULL_LL_DRIVER -DHSE_VALUE=32000000 -DHSE_STARTUP_TIMEOUT=1 -DLSE_STARTUP_TIMEOUT=1 -DLSE_VALUE=32768 -DMSI_VALUE=2097000 -DHSI_VALUE=16000000 -DLSI_VALUE=37000 -DVDD_VALUE=3300 -DPREFETCH_ENABLE=0 -DINSTRUCTION_CACHE_ENABLE=0 -DDATA_CACHE_ENABLE=0 -c -I../Core/Inc -I../Drivers/STM32L0xx_HAL_Driver/Inc -I../Drivers/CMSIS/Device/ST/STM32L0xx/Include -I../Drivers/CMSIS/Include -Os -ffunction-sections -fdata-sections -Wall -fstack-usage -fcyclomatic-complexity -MMD -MP -MF"Drivers/STM32L0xx_HAL_Driver/Src/stm32l0xx_ll_rcc.d" -MT"Drivers/STM32L0xx_HAL_Driver/Src/stm32l0xx_ll_rcc.o" --specs=nano.specs -mfloat-abi=soft -mthumb -o "Drivers/STM32L0xx_HAL_Driver/Src/stm32l0xx_ll_rcc.o"
arm-none-eabi-gcc "../Drivers/STM32L0xx_HAL_Driver/Src/stm32l0xx_ll_tim.c" -mcpu=cortex-m0plus -std=gnu11 -g3 -DDEBUG -DSTM32L011xx -DUSE_FULL_LL_DRIVER -DHSE_VALUE=32000000 -DHSE_STARTUP_TIMEOUT=1 -DLSE_STARTUP_TIMEOUT=1 -DLSE_VALUE=32768 -DMSI_VALUE=2097000 -DHSI_VALUE=16000000 -DLSI_VALUE=37000 -DVDD_VALUE=3300 -DPREFETCH_ENABLE=0 -DINSTRUCTION_CACHE_ENABLE=0 -DDATA_CACHE_ENABLE=0 -c -I../Core/Inc -I../Drivers/STM32L0xx_HAL_Driver/Inc -I../Drivers/CMSIS/Device/ST/STM32L0xx/Include -I../Drivers/CMSIS/Include -Os -ffunction-sections -fdata-sections -Wall -fstack-usage -fcyclomatic-complexity -MMD -MP -MF"Drivers/STM32L0xx_HAL_Driver/Src/stm32l0xx_ll_tim.d" -MT"Drivers/STM32L0xx_HAL_Driver/Src/stm32l0xx_ll_tim.o" --specs=nano.specs -mfloat-abi=soft -mthumb -o "Drivers/STM32L0xx_HAL_Driver/Src/stm32l0xx_ll_tim.o"
arm-none-eabi-gcc "../Drivers/STM32L0xx_HAL_Driver/Src/stm32l0xx_ll_usart.c" -mcpu=cortex-m0plus -std=gnu11 -g3 -DDEBUG -DSTM32L011xx -DUSE_FULL_LL_DRIVER -DHSE_VALUE=32000000 -DHSE_STARTUP_TIMEOUT=1 -DLSE_STARTUP_TIMEOUT=1 -DLSE_VALUE=32768 -DMSI_VALUE=2097000 -DHSI_VALUE=16000000 -DLSI_VALUE=37000 -DVDD_VALUE=3300 -DPREFETCH_ENABLE=0 -DINSTRUCTION_CACHE_ENABLE=0 -DDATA_CACHE_ENABLE=0 -c -I../Core/Inc -I../Drivers/STM32L0xx_HAL_Driver/Inc -I../Drivers/CMSIS/Device/ST/STM32L0xx/Include -I../Drivers/CMSIS/Include -Os -ffunction-sections -fdata-sections -Wall -fstack-usage -fcyclomatic-complexity -MMD -MP -MF"Drivers/STM32L0xx_HAL_Driver/Src/stm32l0xx_ll_usart.d" -MT"Drivers/STM32L0xx_HAL_Driver/Src/stm32l0xx_ll_usart.o" --specs=nano.specs -mfloat-abi=soft -mthumb -o "Drivers/STM32L0xx_HAL_Driver/Src/stm32l0xx_ll_usart.o"
arm-none-eabi-gcc "../Drivers/STM32L0xx_HAL_Driver/Src/stm32l0xx_ll_utils.c" -mcpu=cortex-m0plus -std=gnu11 -g3 -DDEBUG -DSTM32L011xx -DUSE_FULL_LL_DRIVER -DHSE_VALUE=32000000 -DHSE_STARTUP_TIMEOUT=1 -DLSE_STARTUP_TIMEOUT=1 -DLSE_VALUE=32768 -DMSI_VALUE=2097000 -DHSI_VALUE=16000000 -DLSI_VALUE=37000 -DVDD_VALUE=3300 -DPREFETCH_ENABLE=0 -DINSTRUCTION_CACHE_ENABLE=0 -DDATA_CACHE_ENABLE=0 -c -I../Core/Inc -I../Drivers/STM32L0xx_HAL_Driver/Inc -I../Drivers/CMSIS/Device/ST/STM32L0xx/Include -I../Drivers/CMSIS/Include -Os -ffunction-sections -fdata-sections -Wall -fstack-usage -fcyclomatic-complexity -MMD -MP -MF"Drivers/STM32L0xx_HAL_Driver/Src/stm32l0xx_ll_utils.d" -MT"Drivers/STM32L0xx_HAL_Driver/Src/stm32l0xx_ll_utils.o" --specs=nano.specs -mfloat-abi=soft -mthumb -o "Drivers/STM32L0xx_HAL_Driver/Src/stm32l0xx_ll_utils.o"
arm-none-eabi-gcc -mcpu=cortex-m0plus -g3 -DDEBUG -c -x assembler-with-cpp -MMD -MP -MF"Core/Startup/startup_stm32l011f4ux.d" -MT"Core/Startup/startup_stm32l011f4ux.o" --specs=nano.specs -mfloat-abi=soft -mthumb -o "Core/Startup/startup_stm32l011f4ux.o" "../Core/Startup/startup_stm32l011f4ux.s"
arm-none-eabi-gcc "../Core/Src/dps/relay/relay.c" -mcpu=cortex-m0plus -std=gnu11 -g3 -DDEBUG -DSTM32L011xx -DUSE_FULL_LL_DRIVER -DHSE_VALUE=32000000 -DHSE_STARTUP_TIMEOUT=1 -DLSE_STARTUP_TIMEOUT=1 -DLSE_VALUE=32768 -DMSI_VALUE=2097000 -DHSI_VALUE=16000000 -DLSI_VALUE=37000 -DVDD_VALUE=3300 -DPREFETCH_ENABLE=0 -DINSTRUCTION_CACHE_ENABLE=0 -DDATA_CACHE_ENABLE=0 -c -I../Core/Inc -I../Drivers/STM32L0xx_HAL_Driver/Inc -I../Drivers/CMSIS/Device/ST/STM32L0xx/Include -I../Drivers/CMSIS/Include -Os -ffunction-sections -fdata-sections -Wall -fstack-usage -fcyclomatic-complexity -MMD -MP -MF"Core/Src/dps/relay/relay.d" -MT"Core/Src/dps/relay/relay.o" --specs=nano.specs -mfloat-abi=soft -mthumb -o "Core/Src/dps/relay/relay.o"
arm-none-eabi-gcc "../Core/Src/dps/regelung/LookUpFariy.c" -mcpu=cortex-m0plus -std=gnu11 -g3 -DDEBUG -DSTM32L011xx -DUSE_FULL_LL_DRIVER -DHSE_VALUE=32000000 -DHSE_STARTUP_TIMEOUT=1 -DLSE_STARTUP_TIMEOUT=1 -DLSE_VALUE=32768 -DMSI_VALUE=2097000 -DHSI_VALUE=16000000 -DLSI_VALUE=37000 -DVDD_VALUE=3300 -DPREFETCH_ENABLE=0 -DINSTRUCTION_CACHE_ENABLE=0 -DDATA_CACHE_ENABLE=0 -c -I../Core/Inc -I../Drivers/STM32L0xx_HAL_Driver/Inc -I../Drivers/CMSIS/Device/ST/STM32L0xx/Include -I../Drivers/CMSIS/Include -Os -ffunction-sections -fdata-sections -Wall -fstack-usage -fcyclomatic-complexity -MMD -MP -MF"Core/Src/dps/regelung/LookUpFariy.d" -MT"Core/Src/dps/regelung/LookUpFariy.o" --specs=nano.specs -mfloat-abi=soft -mthumb -o "Core/Src/dps/regelung/LookUpFariy.o"
arm-none-eabi-gcc "../Core/Src/dps/regelung/protection.c" -mcpu=cortex-m0plus -std=gnu11 -g3 -DDEBUG -DSTM32L011xx -DUSE_FULL_LL_DRIVER -DHSE_VALUE=32000000 -DHSE_STARTUP_TIMEOUT=1 -DLSE_STARTUP_TIMEOUT=1 -DLSE_VALUE=32768 -DMSI_VALUE=2097000 -DHSI_VALUE=16000000 -DLSI_VALUE=37000 -DVDD_VALUE=3300 -DPREFETCH_ENABLE=0 -DINSTRUCTION_CACHE_ENABLE=0 -DDATA_CACHE_ENABLE=0 -c -I../Core/Inc -I../Drivers/STM32L0xx_HAL_Driver/Inc -I../Drivers/CMSIS/Device/ST/STM32L0xx/Include -I../Drivers/CMSIS/Include -Os -ffunction-sections -fdata-sections -Wall -fstack-usage -fcyclomatic-complexity -MMD -MP -MF"Core/Src/dps/regelung/protection.d" -MT"Core/Src/dps/regelung/protection.o" --specs=nano.specs -mfloat-abi=soft -mthumb -o "Core/Src/dps/regelung/protection.o"
arm-none-eabi-gcc "../Core/Src/dps/regelung/regelung.c" -mcpu=cortex-m0plus -std=gnu11 -g3 -DDEBUG -DSTM32L011xx -DUSE_FULL_LL_DRIVER -DHSE_VALUE=32000000 -DHSE_STARTUP_TIMEOUT=1 -DLSE_STARTUP_TIMEOUT=1 -DLSE_VALUE=32768 -DMSI_VALUE=2097000 -DHSI_VALUE=16000000 -DLSI_VALUE=37000 -DVDD_VALUE=3300 -DPREFETCH_ENABLE=0 -DINSTRUCTION_CACHE_ENABLE=0 -DDATA_CACHE_ENABLE=0 -c -I../Core/Inc -I../Drivers/STM32L0xx_HAL_Driver/Inc -I../Drivers/CMSIS/Device/ST/STM32L0xx/Include -I../Drivers/CMSIS/Include -Os -ffunction-sections -fdata-sections -Wall -fstack-usage -fcyclomatic-complexity -MMD -MP -MF"Core/Src/dps/regelung/regelung.d" -MT"Core/Src/dps/regelung/regelung.o" --specs=nano.specs -mfloat-abi=soft -mthumb -o "Core/Src/dps/regelung/regelung.o"
arm-none-eabi-gcc "../Core/Src/dps/readPin/readPin.c" -mcpu=cortex-m0plus -std=gnu11 -g3 -DDEBUG -DSTM32L011xx -DUSE_FULL_LL_DRIVER -DHSE_VALUE=32000000 -DHSE_STARTUP_TIMEOUT=1 -DLSE_STARTUP_TIMEOUT=1 -DLSE_VALUE=32768 -DMSI_VALUE=2097000 -DHSI_VALUE=16000000 -DLSI_VALUE=37000 -DVDD_VALUE=3300 -DPREFETCH_ENABLE=0 -DINSTRUCTION_CACHE_ENABLE=0 -DDATA_CACHE_ENABLE=0 -c -I../Core/Inc -I../Drivers/STM32L0xx_HAL_Driver/Inc -I../Drivers/CMSIS/Device/ST/STM32L0xx/Include -I../Drivers/CMSIS/Include -Os -ffunction-sections -fdata-sections -Wall -fstack-usage -fcyclomatic-complexity -MMD -MP -MF"Core/Src/dps/readPin/readPin.d" -MT"Core/Src/dps/readPin/readPin.o" --specs=nano.specs -mfloat-abi=soft -mthumb -o "Core/Src/dps/readPin/readPin.o"
arm-none-eabi-gcc "../Core/Src/dps/pwm/pwm.c" -mcpu=cortex-m0plus -std=gnu11 -g3 -DDEBUG -DSTM32L011xx -DUSE_FULL_LL_DRIVER -DHSE_VALUE=32000000 -DHSE_STARTUP_TIMEOUT=1 -DLSE_STARTUP_TIMEOUT=1 -DLSE_VALUE=32768 -DMSI_VALUE=2097000 -DHSI_VALUE=16000000 -DLSI_VALUE=37000 -DVDD_VALUE=3300 -DPREFETCH_ENABLE=0 -DINSTRUCTION_CACHE_ENABLE=0 -DDATA_CACHE_ENABLE=0 -c -I../Core/Inc -I../Drivers/STM32L0xx_HAL_Driver/Inc -I../Drivers/CMSIS/Device/ST/STM32L0xx/Include -I../Drivers/CMSIS/Include -Os -ffunction-sections -fdata-sections -Wall -fstack-usage -fcyclomatic-complexity -MMD -MP -MF"Core/Src/dps/pwm/pwm.d" -MT"Core/Src/dps/pwm/pwm.o" --specs=nano.specs -mfloat-abi=soft -mthumb -o "Core/Src/dps/pwm/pwm.o"
arm-none-eabi-gcc "../Core/Src/dps/outputPin/outputPin.c" -mcpu=cortex-m0plus -std=gnu11 -g3 -DDEBUG -DSTM32L011xx -DUSE_FULL_LL_DRIVER -DHSE_VALUE=32000000 -DHSE_STARTUP_TIMEOUT=1 -DLSE_STARTUP_TIMEOUT=1 -DLSE_VALUE=32768 -DMSI_VALUE=2097000 -DHSI_VALUE=16000000 -DLSI_VALUE=37000 -DVDD_VALUE=3300 -DPREFETCH_ENABLE=0 -DINSTRUCTION_CACHE_ENABLE=0 -DDATA_CACHE_ENABLE=0 -c -I../Core/Inc -I../Drivers/STM32L0xx_HAL_Driver/Inc -I../Drivers/CMSIS/Device/ST/STM32L0xx/Include -I../Drivers/CMSIS/Include -Os -ffunction-sections -fdata-sections -Wall -fstack-usage -fcyclomatic-complexity -MMD -MP -MF"Core/Src/dps/outputPin/outputPin.d" -MT"Core/Src/dps/outputPin/outputPin.o" --specs=nano.specs -mfloat-abi=soft -mthumb -o "Core/Src/dps/outputPin/outputPin.o"
arm-none-eabi-gcc "../Core/Src/dps/mes/adcMes.c" -mcpu=cortex-m0plus -std=gnu11 -g3 -DDEBUG -DSTM32L011xx -DUSE_FULL_LL_DRIVER -DHSE_VALUE=32000000 -DHSE_STARTUP_TIMEOUT=1 -DLSE_STARTUP_TIMEOUT=1 -DLSE_VALUE=32768 -DMSI_VALUE=2097000 -DHSI_VALUE=16000000 -DLSI_VALUE=37000 -DVDD_VALUE=3300 -DPREFETCH_ENABLE=0 -DINSTRUCTION_CACHE_ENABLE=0 -DDATA_CACHE_ENABLE=0 -c -I../Core/Inc -I../Drivers/STM32L0xx_HAL_Driver/Inc -I../Drivers/CMSIS/Device/ST/STM32L0xx/Include -I../Drivers/CMSIS/Include -Os -ffunction-sections -fdata-sections -Wall -fstack-usage -fcyclomatic-complexity -MMD -MP -MF"Core/Src/dps/mes/adcMes.d" -MT"Core/Src/dps/mes/adcMes.o" --specs=nano.specs -mfloat-abi=soft -mthumb -o "Core/Src/dps/mes/adcMes.o"
arm-none-eabi-gcc "../Core/Src/dps/mcu_tracer/mcu_tracer_appspec.c" -mcpu=cortex-m0plus -std=gnu11 -g3 -DDEBUG -DSTM32L011xx -DUSE_FULL_LL_DRIVER -DHSE_VALUE=32000000 -DHSE_STARTUP_TIMEOUT=1 -DLSE_STARTUP_TIMEOUT=1 -DLSE_VALUE=32768 -DMSI_VALUE=2097000 -DHSI_VALUE=16000000 -DLSI_VALUE=37000 -DVDD_VALUE=3300 -DPREFETCH_ENABLE=0 -DINSTRUCTION_CACHE_ENABLE=0 -DDATA_CACHE_ENABLE=0 -c -I../Core/Inc -I../Drivers/STM32L0xx_HAL_Driver/Inc -I../Drivers/CMSIS/Device/ST/STM32L0xx/Include -I../Drivers/CMSIS/Include -Os -ffunction-sections -fdata-sections -Wall -fstack-usage -fcyclomatic-complexity -MMD -MP -MF"Core/Src/dps/mcu_tracer/mcu_tracer_appspec.d" -MT"Core/Src/dps/mcu_tracer/mcu_tracer_appspec.o" --specs=nano.specs -mfloat-abi=soft -mthumb -o "Core/Src/dps/mcu_tracer/mcu_tracer_appspec.o"
arm-none-eabi-gcc "../Core/Src/dps/mcu_tracer/mcu_tracer_appspec_usart.c" -mcpu=cortex-m0plus -std=gnu11 -g3 -DDEBUG -DSTM32L011xx -DUSE_FULL_LL_DRIVER -DHSE_VALUE=32000000 -DHSE_STARTUP_TIMEOUT=1 -DLSE_STARTUP_TIMEOUT=1 -DLSE_VALUE=32768 -DMSI_VALUE=2097000 -DHSI_VALUE=16000000 -DLSI_VALUE=37000 -DVDD_VALUE=3300 -DPREFETCH_ENABLE=0 -DINSTRUCTION_CACHE_ENABLE=0 -DDATA_CACHE_ENABLE=0 -c -I../Core/Inc -I../Drivers/STM32L0xx_HAL_Driver/Inc -I../Drivers/CMSIS/Device/ST/STM32L0xx/Include -I../Drivers/CMSIS/Include -Os -ffunction-sections -fdata-sections -Wall -fstack-usage -fcyclomatic-complexity -MMD -MP -MF"Core/Src/dps/mcu_tracer/mcu_tracer_appspec_usart.d" -MT"Core/Src/dps/mcu_tracer/mcu_tracer_appspec_usart.o" --specs=nano.specs -mfloat-abi=soft -mthumb -o "Core/Src/dps/mcu_tracer/mcu_tracer_appspec_usart.o"
arm-none-eabi-gcc "../Core/Src/dps/mcu_tracer/mcu_tracer_core.c" -mcpu=cortex-m0plus -std=gnu11 -g3 -DDEBUG -DSTM32L011xx -DUSE_FULL_LL_DRIVER -DHSE_VALUE=32000000 -DHSE_STARTUP_TIMEOUT=1 -DLSE_STARTUP_TIMEOUT=1 -DLSE_VALUE=32768 -DMSI_VALUE=2097000 -DHSI_VALUE=16000000 -DLSI_VALUE=37000 -DVDD_VALUE=3300 -DPREFETCH_ENABLE=0 -DINSTRUCTION_CACHE_ENABLE=0 -DDATA_CACHE_ENABLE=0 -c -I../Core/Inc -I../Drivers/STM32L0xx_HAL_Driver/Inc -I../Drivers/CMSIS/Device/ST/STM32L0xx/Include -I../Drivers/CMSIS/Include -Os -ffunction-sections -fdata-sections -Wall -fstack-usage -fcyclomatic-complexity -MMD -MP -MF"Core/Src/dps/mcu_tracer/mcu_tracer_core.d" -MT"Core/Src/dps/mcu_tracer/mcu_tracer_core.o" --specs=nano.specs -mfloat-abi=soft -mthumb -o "Core/Src/dps/mcu_tracer/mcu_tracer_core.o"
arm-none-eabi-gcc "../Core/Src/dps/mcu_tracer/mcu_tracer_i2cmem.c" -mcpu=cortex-m0plus -std=gnu11 -g3 -DDEBUG -DSTM32L011xx -DUSE_FULL_LL_DRIVER -DHSE_VALUE=32000000 -DHSE_STARTUP_TIMEOUT=1 -DLSE_STARTUP_TIMEOUT=1 -DLSE_VALUE=32768 -DMSI_VALUE=2097000 -DHSI_VALUE=16000000 -DLSI_VALUE=37000 -DVDD_VALUE=3300 -DPREFETCH_ENABLE=0 -DINSTRUCTION_CACHE_ENABLE=0 -DDATA_CACHE_ENABLE=0 -c -I../Core/Inc -I../Drivers/STM32L0xx_HAL_Driver/Inc -I../Drivers/CMSIS/Device/ST/STM32L0xx/Include -I../Drivers/CMSIS/Include -Os -ffunction-sections -fdata-sections -Wall -fstack-usage -fcyclomatic-complexity -MMD -MP -MF"Core/Src/dps/mcu_tracer/mcu_tracer_i2cmem.d" -MT"Core/Src/dps/mcu_tracer/mcu_tracer_i2cmem.o" --specs=nano.specs -mfloat-abi=soft -mthumb -o "Core/Src/dps/mcu_tracer/mcu_tracer_i2cmem.o"
arm-none-eabi-gcc "../Core/Src/dps/mcu_tracer/mcu_tracer_slave.c" -mcpu=cortex-m0plus -std=gnu11 -g3 -DDEBUG -DSTM32L011xx -DUSE_FULL_LL_DRIVER -DHSE_VALUE=32000000 -DHSE_STARTUP_TIMEOUT=1 -DLSE_STARTUP_TIMEOUT=1 -DLSE_VALUE=32768 -DMSI_VALUE=2097000 -DHSI_VALUE=16000000 -DLSI_VALUE=37000 -DVDD_VALUE=3300 -DPREFETCH_ENABLE=0 -DINSTRUCTION_CACHE_ENABLE=0 -DDATA_CACHE_ENABLE=0 -c -I../Core/Inc -I../Drivers/STM32L0xx_HAL_Driver/Inc -I../Drivers/CMSIS/Device/ST/STM32L0xx/Include -I../Drivers/CMSIS/Include -Os -ffunction-sections -fdata-sections -Wall -fstack-usage -fcyclomatic-complexity -MMD -MP -MF"Core/Src/dps/mcu_tracer/mcu_tracer_slave.d" -MT"Core/Src/dps/mcu_tracer/mcu_tracer_slave.o" --specs=nano.specs -mfloat-abi=soft -mthumb -o "Core/Src/dps/mcu_tracer/mcu_tracer_slave.o"
arm-none-eabi-gcc "../Core/Src/dps/mcu_tracer/mcu_tracer_usart.c" -mcpu=cortex-m0plus -std=gnu11 -g3 -DDEBUG -DSTM32L011xx -DUSE_FULL_LL_DRIVER -DHSE_VALUE=32000000 -DHSE_STARTUP_TIMEOUT=1 -DLSE_STARTUP_TIMEOUT=1 -DLSE_VALUE=32768 -DMSI_VALUE=2097000 -DHSI_VALUE=16000000 -DLSI_VALUE=37000 -DVDD_VALUE=3300 -DPREFETCH_ENABLE=0 -DINSTRUCTION_CACHE_ENABLE=0 -DDATA_CACHE_ENABLE=0 -c -I../Core/Inc -I../Drivers/STM32L0xx_HAL_Driver/Inc -I../Drivers/CMSIS/Device/ST/STM32L0xx/Include -I../Drivers/CMSIS/Include -Os -ffunction-sections -fdata-sections -Wall -fstack-usage -fcyclomatic-complexity -MMD -MP -MF"Core/Src/dps/mcu_tracer/mcu_tracer_usart.d" -MT"Core/Src/dps/mcu_tracer/mcu_tracer_usart.o" --specs=nano.specs -mfloat-abi=soft -mthumb -o "Core/Src/dps/mcu_tracer/mcu_tracer_usart.o"
arm-none-eabi-gcc "../Core/Src/dps/mcu_tracer/mcu_tracer_varsave.c" -mcpu=cortex-m0plus -std=gnu11 -g3 -DDEBUG -DSTM32L011xx -DUSE_FULL_LL_DRIVER -DHSE_VALUE=32000000 -DHSE_STARTUP_TIMEOUT=1 -DLSE_STARTUP_TIMEOUT=1 -DLSE_VALUE=32768 -DMSI_VALUE=2097000 -DHSI_VALUE=16000000 -DLSI_VALUE=37000 -DVDD_VALUE=3300 -DPREFETCH_ENABLE=0 -DINSTRUCTION_CACHE_ENABLE=0 -DDATA_CACHE_ENABLE=0 -c -I../Core/Inc -I../Drivers/STM32L0xx_HAL_Driver/Inc -I../Drivers/CMSIS/Device/ST/STM32L0xx/Include -I../Drivers/CMSIS/Include -Os -ffunction-sections -fdata-sections -Wall -fstack-usage -fcyclomatic-complexity -MMD -MP -MF"Core/Src/dps/mcu_tracer/mcu_tracer_varsave.d" -MT"Core/Src/dps/mcu_tracer/mcu_tracer_varsave.o" --specs=nano.specs -mfloat-abi=soft -mthumb -o "Core/Src/dps/mcu_tracer/mcu_tracer_varsave.o"
arm-none-eabi-gcc "../Core/Src/dps/EEPROM/eeprom.c" -mcpu=cortex-m0plus -std=gnu11 -g3 -DDEBUG -DSTM32L011xx -DUSE_FULL_LL_DRIVER -DHSE_VALUE=32000000 -DHSE_STARTUP_TIMEOUT=1 -DLSE_STARTUP_TIMEOUT=1 -DLSE_VALUE=32768 -DMSI_VALUE=2097000 -DHSI_VALUE=16000000 -DLSI_VALUE=37000 -DVDD_VALUE=3300 -DPREFETCH_ENABLE=0 -DINSTRUCTION_CACHE_ENABLE=0 -DDATA_CACHE_ENABLE=0 -c -I../Core/Inc -I../Drivers/STM32L0xx_HAL_Driver/Inc -I../Drivers/CMSIS/Device/ST/STM32L0xx/Include -I../Drivers/CMSIS/Include -Os -ffunction-sections -fdata-sections -Wall -fstack-usage -fcyclomatic-complexity -MMD -MP -MF"Core/Src/dps/EEPROM/eeprom.d" -MT"Core/Src/dps/EEPROM/eeprom.o" --specs=nano.specs -mfloat-abi=soft -mthumb -o "Core/Src/dps/EEPROM/eeprom.o"
arm-none-eabi-gcc "../Core/Src/dps/dpsmain.c" -mcpu=cortex-m0plus -std=gnu11 -g3 -DDEBUG -DSTM32L011xx -DUSE_FULL_LL_DRIVER -DHSE_VALUE=32000000 -DHSE_STARTUP_TIMEOUT=1 -DLSE_STARTUP_TIMEOUT=1 -DLSE_VALUE=32768 -DMSI_VALUE=2097000 -DHSI_VALUE=16000000 -DLSI_VALUE=37000 -DVDD_VALUE=3300 -DPREFETCH_ENABLE=0 -DINSTRUCTION_CACHE_ENABLE=0 -DDATA_CACHE_ENABLE=0 -c -I../Core/Inc -I../Drivers/STM32L0xx_HAL_Driver/Inc -I../Drivers/CMSIS/Device/ST/STM32L0xx/Include -I../Drivers/CMSIS/Include -Os -ffunction-sections -fdata-sections -Wall -fstack-usage -fcyclomatic-complexity -MMD -MP -MF"Core/Src/dps/dpsmain.d" -MT"Core/Src/dps/dpsmain.o" --specs=nano.specs -mfloat-abi=soft -mthumb -o "Core/Src/dps/dpsmain.o"
arm-none-eabi-gcc "../Core/Src/dps/uart.c" -mcpu=cortex-m0plus -std=gnu11 -g3 -DDEBUG -DSTM32L011xx -DUSE_FULL_LL_DRIVER -DHSE_VALUE=32000000 -DHSE_STARTUP_TIMEOUT=1 -DLSE_STARTUP_TIMEOUT=1 -DLSE_VALUE=32768 -DMSI_VALUE=2097000 -DHSI_VALUE=16000000 -DLSI_VALUE=37000 -DVDD_VALUE=3300 -DPREFETCH_ENABLE=0 -DINSTRUCTION_CACHE_ENABLE=0 -DDATA_CACHE_ENABLE=0 -c -I../Core/Inc -I../Drivers/STM32L0xx_HAL_Driver/Inc -I../Drivers/CMSIS/Device/ST/STM32L0xx/Include -I../Drivers/CMSIS/Include -Os -ffunction-sections -fdata-sections -Wall -fstack-usage -fcyclomatic-complexity -MMD -MP -MF"Core/Src/dps/uart.d" -MT"Core/Src/dps/uart.o" --specs=nano.specs -mfloat-abi=soft -mthumb -o "Core/Src/dps/uart.o"
arm-none-eabi-gcc "../Core/Src/adc.c" -mcpu=cortex-m0plus -std=gnu11 -g3 -DDEBUG -DSTM32L011xx -DUSE_FULL_LL_DRIVER -DHSE_VALUE=32000000 -DHSE_STARTUP_TIMEOUT=1 -DLSE_STARTUP_TIMEOUT=1 -DLSE_VALUE=32768 -DMSI_VALUE=2097000 -DHSI_VALUE=16000000 -DLSI_VALUE=37000 -DVDD_VALUE=3300 -DPREFETCH_ENABLE=0 -DINSTRUCTION_CACHE_ENABLE=0 -DDATA_CACHE_ENABLE=0 -c -I../Core/Inc -I../Drivers/STM32L0xx_HAL_Driver/Inc -I../Drivers/CMSIS/Device/ST/STM32L0xx/Include -I../Drivers/CMSIS/Include -Os -ffunction-sections -fdata-sections -Wall -fstack-usage -fcyclomatic-complexity -MMD -MP -MF"Core/Src/adc.d" -MT"Core/Src/adc.o" --specs=nano.specs -mfloat-abi=soft -mthumb -o "Core/Src/adc.o"
arm-none-eabi-gcc "../Core/Src/dma.c" -mcpu=cortex-m0plus -std=gnu11 -g3 -DDEBUG -DSTM32L011xx -DUSE_FULL_LL_DRIVER -DHSE_VALUE=32000000 -DHSE_STARTUP_TIMEOUT=1 -DLSE_STARTUP_TIMEOUT=1 -DLSE_VALUE=32768 -DMSI_VALUE=2097000 -DHSI_VALUE=16000000 -DLSI_VALUE=37000 -DVDD_VALUE=3300 -DPREFETCH_ENABLE=0 -DINSTRUCTION_CACHE_ENABLE=0 -DDATA_CACHE_ENABLE=0 -c -I../Core/Inc -I../Drivers/STM32L0xx_HAL_Driver/Inc -I../Drivers/CMSIS/Device/ST/STM32L0xx/Include -I../Drivers/CMSIS/Include -Os -ffunction-sections -fdata-sections -Wall -fstack-usage -fcyclomatic-complexity -MMD -MP -MF"Core/Src/dma.d" -MT"Core/Src/dma.o" --specs=nano.specs -mfloat-abi=soft -mthumb -o "Core/Src/dma.o"
arm-none-eabi-gcc "../Core/Src/gpio.c" -mcpu=cortex-m0plus -std=gnu11 -g3 -DDEBUG -DSTM32L011xx -DUSE_FULL_LL_DRIVER -DHSE_VALUE=32000000 -DHSE_STARTUP_TIMEOUT=1 -DLSE_STARTUP_TIMEOUT=1 -DLSE_VALUE=32768 -DMSI_VALUE=2097000 -DHSI_VALUE=16000000 -DLSI_VALUE=37000 -DVDD_VALUE=3300 -DPREFETCH_ENABLE=0 -DINSTRUCTION_CACHE_ENABLE=0 -DDATA_CACHE_ENABLE=0 -c -I../Core/Inc -I../Drivers/STM32L0xx_HAL_Driver/Inc -I../Drivers/CMSIS/Device/ST/STM32L0xx/Include -I../Drivers/CMSIS/Include -Os -ffunction-sections -fdata-sections -Wall -fstack-usage -fcyclomatic-complexity -MMD -MP -MF"Core/Src/gpio.d" -MT"Core/Src/gpio.o" --specs=nano.specs -mfloat-abi=soft -mthumb -o "Core/Src/gpio.o"
arm-none-eabi-gcc "../Core/Src/iwdg.c" -mcpu=cortex-m0plus -std=gnu11 -g3 -DDEBUG -DSTM32L011xx -DUSE_FULL_LL_DRIVER -DHSE_VALUE=32000000 -DHSE_STARTUP_TIMEOUT=1 -DLSE_STARTUP_TIMEOUT=1 -DLSE_VALUE=32768 -DMSI_VALUE=2097000 -DHSI_VALUE=16000000 -DLSI_VALUE=37000 -DVDD_VALUE=3300 -DPREFETCH_ENABLE=0 -DINSTRUCTION_CACHE_ENABLE=0 -DDATA_CACHE_ENABLE=0 -c -I../Core/Inc -I../Drivers/STM32L0xx_HAL_Driver/Inc -I../Drivers/CMSIS/Device/ST/STM32L0xx/Include -I../Drivers/CMSIS/Include -Os -ffunction-sections -fdata-sections -Wall -fstack-usage -fcyclomatic-complexity -MMD -MP -MF"Core/Src/iwdg.d" -MT"Core/Src/iwdg.o" --specs=nano.specs -mfloat-abi=soft -mthumb -o "Core/Src/iwdg.o"
arm-none-eabi-gcc "../Core/Src/main.c" -mcpu=cortex-m0plus -std=gnu11 -g3 -DDEBUG -DSTM32L011xx -DUSE_FULL_LL_DRIVER -DHSE_VALUE=32000000 -DHSE_STARTUP_TIMEOUT=1 -DLSE_STARTUP_TIMEOUT=1 -DLSE_VALUE=32768 -DMSI_VALUE=2097000 -DHSI_VALUE=16000000 -DLSI_VALUE=37000 -DVDD_VALUE=3300 -DPREFETCH_ENABLE=0 -DINSTRUCTION_CACHE_ENABLE=0 -DDATA_CACHE_ENABLE=0 -c -I../Core/Inc -I../Drivers/STM32L0xx_HAL_Driver/Inc -I../Drivers/CMSIS/Device/ST/STM32L0xx/Include -I../Drivers/CMSIS/Include -Os -ffunction-sections -fdata-sections -Wall -fstack-usage -fcyclomatic-complexity -MMD -MP -MF"Core/Src/main.d" -MT"Core/Src/main.o" --specs=nano.specs -mfloat-abi=soft -mthumb -o "Core/Src/main.o"
arm-none-eabi-gcc "../Core/Src/stm32l0xx_it.c" -mcpu=cortex-m0plus -std=gnu11 -g3 -DDEBUG -DSTM32L011xx -DUSE_FULL_LL_DRIVER -DHSE_VALUE=32000000 -DHSE_STARTUP_TIMEOUT=1 -DLSE_STARTUP_TIMEOUT=1 -DLSE_VALUE=32768 -DMSI_VALUE=2097000 -DHSI_VALUE=16000000 -DLSI_VALUE=37000 -DVDD_VALUE=3300 -DPREFETCH_ENABLE=0 -DINSTRUCTION_CACHE_ENABLE=0 -DDATA_CACHE_ENABLE=0 -c -I../Core/Inc -I../Drivers/STM32L0xx_HAL_Driver/Inc -I../Drivers/CMSIS/Device/ST/STM32L0xx/Include -I../Drivers/CMSIS/Include -Os -ffunction-sections -fdata-sections -Wall -fstack-usage -fcyclomatic-complexity -MMD -MP -MF"Core/Src/stm32l0xx_it.d" -MT"Core/Src/stm32l0xx_it.o" --specs=nano.specs -mfloat-abi=soft -mthumb -o "Core/Src/stm32l0xx_it.o"
arm-none-eabi-gcc "../Core/Src/syscalls.c" -mcpu=cortex-m0plus -std=gnu11 -g3 -DDEBUG -DSTM32L011xx -DUSE_FULL_LL_DRIVER -DHSE_VALUE=32000000 -DHSE_STARTUP_TIMEOUT=1 -DLSE_STARTUP_TIMEOUT=1 -DLSE_VALUE=32768 -DMSI_VALUE=2097000 -DHSI_VALUE=16000000 -DLSI_VALUE=37000 -DVDD_VALUE=3300 -DPREFETCH_ENABLE=0 -DINSTRUCTION_CACHE_ENABLE=0 -DDATA_CACHE_ENABLE=0 -c -I../Core/Inc -I../Drivers/STM32L0xx_HAL_Driver/Inc -I../Drivers/CMSIS/Device/ST/STM32L0xx/Include -I../Drivers/CMSIS/Include -Os -ffunction-sections -fdata-sections -Wall -fstack-usage -fcyclomatic-complexity -MMD -MP -MF"Core/Src/syscalls.d" -MT"Core/Src/syscalls.o" --specs=nano.specs -mfloat-abi=soft -mthumb -o "Core/Src/syscalls.o"
arm-none-eabi-gcc "../Core/Src/sysmem.c" -mcpu=cortex-m0plus -std=gnu11 -g3 -DDEBUG -DSTM32L011xx -DUSE_FULL_LL_DRIVER -DHSE_VALUE=32000000 -DHSE_STARTUP_TIMEOUT=1 -DLSE_STARTUP_TIMEOUT=1 -DLSE_VALUE=32768 -DMSI_VALUE=2097000 -DHSI_VALUE=16000000 -DLSI_VALUE=37000 -DVDD_VALUE=3300 -DPREFETCH_ENABLE=0 -DINSTRUCTION_CACHE_ENABLE=0 -DDATA_CACHE_ENABLE=0 -c -I../Core/Inc -I../Drivers/STM32L0xx_HAL_Driver/Inc -I../Drivers/CMSIS/Device/ST/STM32L0xx/Include -I../Drivers/CMSIS/Include -Os -ffunction-sections -fdata-sections -Wall -fstack-usage -fcyclomatic-complexity -MMD -MP -MF"Core/Src/sysmem.d" -MT"Core/Src/sysmem.o" --specs=nano.specs -mfloat-abi=soft -mthumb -o "Core/Src/sysmem.o"
arm-none-eabi-gcc "../Core/Src/system_stm32l0xx.c" -mcpu=cortex-m0plus -std=gnu11 -g3 -DDEBUG -DSTM32L011xx -DUSE_FULL_LL_DRIVER -DHSE_VALUE=32000000 -DHSE_STARTUP_TIMEOUT=1 -DLSE_STARTUP_TIMEOUT=1 -DLSE_VALUE=32768 -DMSI_VALUE=2097000 -DHSI_VALUE=16000000 -DLSI_VALUE=37000 -DVDD_VALUE=3300 -DPREFETCH_ENABLE=0 -DINSTRUCTION_CACHE_ENABLE=0 -DDATA_CACHE_ENABLE=0 -c -I../Core/Inc -I../Drivers/STM32L0xx_HAL_Driver/Inc -I../Drivers/CMSIS/Device/ST/STM32L0xx/Include -I../Drivers/CMSIS/Include -Os -ffunction-sections -fdata-sections -Wall -fstack-usage -fcyclomatic-complexity -MMD -MP -MF"Core/Src/system_stm32l0xx.d" -MT"Core/Src/system_stm32l0xx.o" --specs=nano.specs -mfloat-abi=soft -mthumb -o "Core/Src/system_stm32l0xx.o"
arm-none-eabi-gcc "../Core/Src/tim.c" -mcpu=cortex-m0plus -std=gnu11 -g3 -DDEBUG -DSTM32L011xx -DUSE_FULL_LL_DRIVER -DHSE_VALUE=32000000 -DHSE_STARTUP_TIMEOUT=1 -DLSE_STARTUP_TIMEOUT=1 -DLSE_VALUE=32768 -DMSI_VALUE=2097000 -DHSI_VALUE=16000000 -DLSI_VALUE=37000 -DVDD_VALUE=3300 -DPREFETCH_ENABLE=0 -DINSTRUCTION_CACHE_ENABLE=0 -DDATA_CACHE_ENABLE=0 -c -I../Core/Inc -I../Drivers/STM32L0xx_HAL_Driver/Inc -I../Drivers/CMSIS/Device/ST/STM32L0xx/Include -I../Drivers/CMSIS/Include -Os -ffunction-sections -fdata-sections -Wall -fstack-usage -fcyclomatic-complexity -MMD -MP -MF"Core/Src/tim.d" -MT"Core/Src/tim.o" --specs=nano.specs -mfloat-abi=soft -mthumb -o "Core/Src/tim.o"
arm-none-eabi-gcc "../Core/Src/usart.c" -mcpu=cortex-m0plus -std=gnu11 -g3 -DDEBUG -DSTM32L011xx -DUSE_FULL_LL_DRIVER -DHSE_VALUE=32000000 -DHSE_STARTUP_TIMEOUT=1 -DLSE_STARTUP_TIMEOUT=1 -DLSE_VALUE=32768 -DMSI_VALUE=2097000 -DHSI_VALUE=16000000 -DLSI_VALUE=37000 -DVDD_VALUE=3300 -DPREFETCH_ENABLE=0 -DINSTRUCTION_CACHE_ENABLE=0 -DDATA_CACHE_ENABLE=0 -c -I../Core/Inc -I../Drivers/STM32L0xx_HAL_Driver/Inc -I../Drivers/CMSIS/Device/ST/STM32L0xx/Include -I../Drivers/CMSIS/Include -Os -ffunction-sections -fdata-sections -Wall -fstack-usage -fcyclomatic-complexity -MMD -MP -MF"Core/Src/usart.d" -MT"Core/Src/usart.o" --specs=nano.specs -mfloat-abi=soft -mthumb -o "Core/Src/usart.o"
arm-none-eabi-gcc -o "15WDigitalFlybackSoftware.elf" @"objects.list"   -mcpu=cortex-m0plus -T"C:\Users\Ansel\Documents\KIT\Bachelor\GitHub\15wdigitalled\SW\15WDigitalFlybackSoftware\STM32L011F4UX_FLASH.ld" --specs=nosys.specs -Wl,-Map="15WDigitalFlybackSoftware.map" -Wl,--gc-sections -static --specs=nano.specs -mfloat-abi=soft -mthumb -Wl,--start-group -lc -lm -Wl,--end-group
Finished building target: 15WDigitalFlybackSoftware.elf
 
arm-none-eabi-size   15WDigitalFlybackSoftware.elf 
arm-none-eabi-objdump -h -S  15WDigitalFlybackSoftware.elf  > "15WDigitalFlybackSoftware.list"
arm-none-eabi-objcopy  -O binary  15WDigitalFlybackSoftware.elf  "15WDigitalFlybackSoftware.bin"
   text	   data	    bss	    dec	    hex	filename
  14452	    196	   1536	  16184	   3f38	15WDigitalFlybackSoftware.elf
Finished building: default.size.stdout
 
Finished building: 15WDigitalFlybackSoftware.bin
Finished building: 15WDigitalFlybackSoftware.list
 
 

10:21:59 Build Finished. 0 errors, 0 warnings. (took 7s.984ms)

